  258 |     BOOL success = [contactStore enumerateContactsWithFetchRequest:request error:&contactError usingBlock:^(CNContact * __nonnull contact, BOOL * __nonnull stop){
  314 |     BOOL success = [contactStore enumerateContactsWithFetchRequest:request error:&contactError usingBlock:^(CNContact * __nonnull contact, BOOL * __nonnull stop){
